// Jest Snapshot v1, https://goo.gl/fbAQLP

exports[`Render App Component Match App Component Snapshot 1`] = `ShallowWrapper {}`;
